2018-10-19 17:21:24.173^{"line":"wangyadong,wyd,aaa","logType":1,"sendTime":"2018-08-18 19:00:00","source":3}
2018-10-19 17:21:24.181^{"line":"wangyadong,wyd,aaa","logType":1,"sendTime":"2018-08-18 19:00:00","source":3}
2018-10-19 17:21:24.181^{"line":"wangyadong,wyd,aaa","logType":1,"sendTime":"2018-08-18 19:00:00","source":3}
2018-10-19 17:21:24.182^{"line":"wangyadong,wyd,aaa","logType":1,"sendTime":"2018-08-18 19:00:00","source":3}
2018-10-19 17:21:24.183^{"line":"wangyadong,wyd,aaa","logType":1,"sendTime":"2018-08-18 19:00:00","source":3}
2018-10-19 17:21:24.184^{"line":"wangyadong,wyd,aaa","logType":1,"sendTime":"2018-08-18 19:00:00","source":3}
2018-10-19 17:21:24.183^{"line":"wangyadong,wyd,aaa","logType":1,"sendTime":"2018-08-18 19:00:00","source":3}
2018-10-19 17:21:24.188^{"line":"wangyadong,wyd,aaa","logType":1,"sendTime":"2018-08-18 19:00:00","source":3}
2018-10-19 17:21:24.186^{"line":"wangyadong,wyd,aaa","logType":1,"sendTime":"2018-08-18 19:00:00","source":3}
2018-10-19 17:21:24.189^{"line":"wangyadong,wyd,aaa","logType":1,"sendTime":"2018-08-18 19:00:00","source":3}
2018-10-19 17:22:58.777^{"line":"wangyadong,wyd,aaa","logType":1,"sendTime":"2018-08-18 19:00:00","source":3}
2018-10-19 17:22:58.779^{"line":"wangyadong,wyd,aaa","logType":1,"sendTime":"2018-08-18 19:00:00","source":3}
2018-10-19 17:22:58.781^{"line":"wangyadong,wyd,aaa","logType":1,"sendTime":"2018-08-18 19:00:00","source":3}
2018-10-19 17:22:58.782^{"line":"wangyadong,wyd,aaa","logType":1,"sendTime":"2018-08-18 19:00:00","source":3}
2018-10-19 17:22:58.784^{"line":"wangyadong,wyd,aaa","logType":1,"sendTime":"2018-08-18 19:00:00","source":3}
2018-10-19 17:22:58.785^{"line":"wangyadong,wyd,aaa","logType":1,"sendTime":"2018-08-18 19:00:00","source":3}
2018-10-19 17:22:58.779^{"line":"wangyadong,wyd,aaa","logType":1,"sendTime":"2018-08-18 19:00:00","source":3}
2018-10-19 17:22:58.787^{"line":"wangyadong,wyd,aaa","logType":1,"sendTime":"2018-08-18 19:00:00","source":3}
2018-10-19 17:22:58.789^{"line":"wangyadong,wyd,aaa","logType":1,"sendTime":"2018-08-18 19:00:00","source":3}
2018-10-19 17:22:58.791^{"line":"wangyadong,wyd,aaa","logType":1,"sendTime":"2018-08-18 19:00:00","source":3}
2018-10-19 17:24:07.154^{"line":"wangyadong,wyd,aaa","logType":1,"sendTime":"2018-08-18 19:00:00","source":3}
2018-10-19 17:24:07.154^{"line":"wangyadong,wyd,aaa","logType":1,"sendTime":"2018-08-18 19:00:00","source":3}
2018-10-19 17:24:07.156^{"line":"wangyadong,wyd,aaa","logType":1,"sendTime":"2018-08-18 19:00:00","source":3}
2018-10-19 17:24:07.157^{"line":"wangyadong,wyd,aaa","logType":1,"sendTime":"2018-08-18 19:00:00","source":3}
2018-10-19 17:24:07.157^{"line":"wangyadong,wyd,aaa","logType":1,"sendTime":"2018-08-18 19:00:00","source":3}
2018-10-19 17:24:07.157^{"line":"wangyadong,wyd,aaa","logType":1,"sendTime":"2018-08-18 19:00:00","source":3}
2018-10-19 17:24:07.157^{"line":"wangyadong,wyd,aaa","logType":1,"sendTime":"2018-08-18 19:00:00","source":3}
2018-10-19 17:24:07.157^{"line":"wangyadong,wyd,aaa","logType":1,"sendTime":"2018-08-18 19:00:00","source":3}
2018-10-19 17:24:07.157^{"line":"wangyadong,wyd,aaa","logType":1,"sendTime":"2018-08-18 19:00:00","source":3}
2018-10-19 17:24:07.157^{"line":"wangyadong,wyd,aaa","logType":1,"sendTime":"2018-08-18 19:00:00","source":3}
2018-10-19 17:24:44.809^{"line":"wangyadong,wyd,aaa","logType":1,"sendTime":"2018-08-18 19:00:00","source":3}
2018-10-19 17:24:44.810^{"line":"wangyadong,wyd,aaa","logType":1,"sendTime":"2018-08-18 19:00:00","source":3}
2018-10-19 17:24:44.810^{"line":"wangyadong,wyd,aaa","logType":1,"sendTime":"2018-08-18 19:00:00","source":3}
2018-10-19 17:24:44.810^{"line":"wangyadong,wyd,aaa","logType":1,"sendTime":"2018-08-18 19:00:00","source":3}
2018-10-19 17:24:44.811^{"line":"wangyadong,wyd,aaa","logType":1,"sendTime":"2018-08-18 19:00:00","source":3}
2018-10-19 17:24:44.811^{"line":"wangyadong,wyd,aaa","logType":1,"sendTime":"2018-08-18 19:00:00","source":3}
2018-10-19 17:24:44.811^{"line":"wangyadong,wyd,aaa","logType":1,"sendTime":"2018-08-18 19:00:00","source":3}
2018-10-19 17:24:44.811^{"line":"wangyadong,wyd,aaa","logType":1,"sendTime":"2018-08-18 19:00:00","source":3}
2018-10-19 17:24:44.811^{"line":"wangyadong,wyd,aaa","logType":1,"sendTime":"2018-08-18 19:00:00","source":3}
2018-10-19 17:24:44.811^{"line":"wangyadong,wyd,aaa","logType":1,"sendTime":"2018-08-18 19:00:00","source":3}
2018-10-19 17:25:34.234^{"line":"wangyadong,wyd,aaa","logType":1,"sendTime":"2018-08-18 19:00:00","source":3}
2018-10-19 17:25:34.237^{"line":"wangyadong,wyd,aaa","logType":1,"sendTime":"2018-08-18 19:00:00","source":3}
2018-10-19 17:25:34.239^{"line":"wangyadong,wyd,aaa","logType":1,"sendTime":"2018-08-18 19:00:00","source":3}
2018-10-19 17:25:34.241^{"line":"wangyadong,wyd,aaa","logType":1,"sendTime":"2018-08-18 19:00:00","source":3}
2018-10-19 17:25:34.245^{"line":"wangyadong,wyd,aaa","logType":1,"sendTime":"2018-08-18 19:00:00","source":3}
2018-10-19 17:25:34.247^{"line":"wangyadong,wyd,aaa","logType":1,"sendTime":"2018-08-18 19:00:00","source":3}
2018-10-19 17:25:34.250^{"line":"wangyadong,wyd,aaa","logType":1,"sendTime":"2018-08-18 19:00:00","source":3}
2018-10-19 17:25:34.250^{"line":"wangyadong,wyd,aaa","logType":1,"sendTime":"2018-08-18 19:00:00","source":3}
2018-10-19 17:25:34.253^{"line":"wangyadong,wyd,aaa","logType":1,"sendTime":"2018-08-18 19:00:00","source":3}
2018-10-19 17:25:34.253^{"line":"wangyadong,wyd,aaa","logType":1,"sendTime":"2018-08-18 19:00:00","source":3}
2018-10-19 17:26:25.370^{"line":"wangyadong,wyd,aaa","logType":1,"sendTime":"2018-08-18 19:00:00","source":3}
2018-10-19 17:26:25.371^{"line":"wangyadong,wyd,aaa","logType":1,"sendTime":"2018-08-18 19:00:00","source":3}
2018-10-19 17:26:25.372^{"line":"wangyadong,wyd,aaa","logType":1,"sendTime":"2018-08-18 19:00:00","source":3}
2018-10-19 17:26:25.372^{"line":"wangyadong,wyd,aaa","logType":1,"sendTime":"2018-08-18 19:00:00","source":3}
2018-10-19 17:26:25.372^{"line":"wangyadong,wyd,aaa","logType":1,"sendTime":"2018-08-18 19:00:00","source":3}
2018-10-19 17:26:25.371^{"line":"wangyadong,wyd,aaa","logType":1,"sendTime":"2018-08-18 19:00:00","source":3}
2018-10-19 17:26:25.371^{"line":"wangyadong,wyd,aaa","logType":1,"sendTime":"2018-08-18 19:00:00","source":3}
2018-10-19 17:26:25.372^{"line":"wangyadong,wyd,aaa","logType":1,"sendTime":"2018-08-18 19:00:00","source":3}
2018-10-19 17:26:25.372^{"line":"wangyadong,wyd,aaa","logType":1,"sendTime":"2018-08-18 19:00:00","source":3}
2018-10-19 17:26:25.371^{"line":"wangyadong,wyd,aaa","logType":1,"sendTime":"2018-08-18 19:00:00","source":3}
2018-10-19 17:26:25.672^{"line":"wangyadong,wyd,aaa","logType":1,"sendTime":"2018-08-18 19:00:00","source":3}
2018-10-19 17:26:25.675^{"line":"wangyadong,wyd,aaa","logType":1,"sendTime":"2018-08-18 19:00:00","source":3}
2018-10-19 17:26:25.675^{"line":"wangyadong,wyd,aaa","logType":1,"sendTime":"2018-08-18 19:00:00","source":3}
2018-10-19 17:26:25.675^{"line":"wangyadong,wyd,aaa","logType":1,"sendTime":"2018-08-18 19:00:00","source":3}
2018-10-19 17:26:25.676^{"line":"wangyadong,wyd,aaa","logType":1,"sendTime":"2018-08-18 19:00:00","source":3}
2018-10-19 17:26:25.676^{"line":"wangyadong,wyd,aaa","logType":1,"sendTime":"2018-08-18 19:00:00","source":3}
2018-10-19 17:26:25.676^{"line":"wangyadong,wyd,aaa","logType":1,"sendTime":"2018-08-18 19:00:00","source":3}
2018-10-19 17:26:25.676^{"line":"wangyadong,wyd,aaa","logType":1,"sendTime":"2018-08-18 19:00:00","source":3}
2018-10-19 17:26:25.676^{"line":"wangyadong,wyd,aaa","logType":1,"sendTime":"2018-08-18 19:00:00","source":3}
2018-10-19 17:26:25.676^{"line":"wangyadong,wyd,aaa","logType":1,"sendTime":"2018-08-18 19:00:00","source":3}
2018-10-19 17:26:26.023^{"line":"wangyadong,wyd,aaa","logType":1,"sendTime":"2018-08-18 19:00:00","source":3}
2018-10-19 17:26:26.026^{"line":"wangyadong,wyd,aaa","logType":1,"sendTime":"2018-08-18 19:00:00","source":3}
2018-10-19 17:26:26.026^{"line":"wangyadong,wyd,aaa","logType":1,"sendTime":"2018-08-18 19:00:00","source":3}
2018-10-19 17:26:26.026^{"line":"wangyadong,wyd,aaa","logType":1,"sendTime":"2018-08-18 19:00:00","source":3}
2018-10-19 17:26:26.026^{"line":"wangyadong,wyd,aaa","logType":1,"sendTime":"2018-08-18 19:00:00","source":3}
2018-10-19 17:26:26.027^{"line":"wangyadong,wyd,aaa","logType":1,"sendTime":"2018-08-18 19:00:00","source":3}
2018-10-19 17:26:26.026^{"line":"wangyadong,wyd,aaa","logType":1,"sendTime":"2018-08-18 19:00:00","source":3}
2018-10-19 17:26:26.026^{"line":"wangyadong,wyd,aaa","logType":1,"sendTime":"2018-08-18 19:00:00","source":3}
2018-10-19 17:26:26.026^{"line":"wangyadong,wyd,aaa","logType":1,"sendTime":"2018-08-18 19:00:00","source":3}
2018-10-19 17:26:26.027^{"line":"wangyadong,wyd,aaa","logType":1,"sendTime":"2018-08-18 19:00:00","source":3}
2018-10-19 17:26:26.390^{"line":"wangyadong,wyd,aaa","logType":1,"sendTime":"2018-08-18 19:00:00","source":3}
2018-10-19 17:26:26.390^{"line":"wangyadong,wyd,aaa","logType":1,"sendTime":"2018-08-18 19:00:00","source":3}
2018-10-19 17:26:26.390^{"line":"wangyadong,wyd,aaa","logType":1,"sendTime":"2018-08-18 19:00:00","source":3}
2018-10-19 17:26:26.390^{"line":"wangyadong,wyd,aaa","logType":1,"sendTime":"2018-08-18 19:00:00","source":3}
2018-10-19 17:26:26.390^{"line":"wangyadong,wyd,aaa","logType":1,"sendTime":"2018-08-18 19:00:00","source":3}
2018-10-19 17:26:26.390^{"line":"wangyadong,wyd,aaa","logType":1,"sendTime":"2018-08-18 19:00:00","source":3}
2018-10-19 17:26:26.391^{"line":"wangyadong,wyd,aaa","logType":1,"sendTime":"2018-08-18 19:00:00","source":3}
2018-10-19 17:26:26.391^{"line":"wangyadong,wyd,aaa","logType":1,"sendTime":"2018-08-18 19:00:00","source":3}
2018-10-19 17:26:26.391^{"line":"wangyadong,wyd,aaa","logType":1,"sendTime":"2018-08-18 19:00:00","source":3}
2018-10-19 17:26:26.391^{"line":"wangyadong,wyd,aaa","logType":1,"sendTime":"2018-08-18 19:00:00","source":3}
2018-10-19 17:26:26.703^{"line":"wangyadong,wyd,aaa","logType":1,"sendTime":"2018-08-18 19:00:00","source":3}
2018-10-19 17:26:26.703^{"line":"wangyadong,wyd,aaa","logType":1,"sendTime":"2018-08-18 19:00:00","source":3}
2018-10-19 17:26:26.703^{"line":"wangyadong,wyd,aaa","logType":1,"sendTime":"2018-08-18 19:00:00","source":3}
2018-10-19 17:26:26.704^{"line":"wangyadong,wyd,aaa","logType":1,"sendTime":"2018-08-18 19:00:00","source":3}
2018-10-19 17:26:26.704^{"line":"wangyadong,wyd,aaa","logType":1,"sendTime":"2018-08-18 19:00:00","source":3}
2018-10-19 17:26:26.704^{"line":"wangyadong,wyd,aaa","logType":1,"sendTime":"2018-08-18 19:00:00","source":3}
2018-10-19 17:26:26.704^{"line":"wangyadong,wyd,aaa","logType":1,"sendTime":"2018-08-18 19:00:00","source":3}
2018-10-19 17:26:26.705^{"line":"wangyadong,wyd,aaa","logType":1,"sendTime":"2018-08-18 19:00:00","source":3}
2018-10-19 17:26:26.705^{"line":"wangyadong,wyd,aaa","logType":1,"sendTime":"2018-08-18 19:00:00","source":3}
2018-10-19 17:26:26.705^{"line":"wangyadong,wyd,aaa","logType":1,"sendTime":"2018-08-18 19:00:00","source":3}
2018-10-19 17:28:01.203^{"line":"wangyadong,wyd,aaa","logType":1,"sendTime":"2018-08-18 19:00:00","source":3}
2018-10-19 17:28:01.204^{"line":"wangyadong,wyd,aaa","logType":1,"sendTime":"2018-08-18 19:00:00","source":3}
2018-10-19 17:28:01.205^{"line":"wangyadong,wyd,aaa","logType":1,"sendTime":"2018-08-18 19:00:00","source":3}
2018-10-19 17:28:01.206^{"line":"wangyadong,wyd,aaa","logType":1,"sendTime":"2018-08-18 19:00:00","source":3}
2018-10-19 17:28:01.203^{"line":"wangyadong,wyd,aaa","logType":1,"sendTime":"2018-08-18 19:00:00","source":3}
2018-10-19 17:28:01.209^{"line":"wangyadong,wyd,aaa","logType":1,"sendTime":"2018-08-18 19:00:00","source":3}
2018-10-19 17:28:01.203^{"line":"wangyadong,wyd,aaa","logType":1,"sendTime":"2018-08-18 19:00:00","source":3}
2018-10-19 17:28:01.210^{"line":"wangyadong,wyd,aaa","logType":1,"sendTime":"2018-08-18 19:00:00","source":3}
2018-10-19 17:28:01.203^{"line":"wangyadong,wyd,aaa","logType":1,"sendTime":"2018-08-18 19:00:00","source":3}
2018-10-19 17:28:01.208^{"line":"wangyadong,wyd,aaa","logType":1,"sendTime":"2018-08-18 19:00:00","source":3}
2018-10-19 17:32:13.792^{"line":"wangyadong,wyd,aaa","logType":1,"sendTime":"2018-08-18 19:00:00","source":3}
2018-10-19 17:32:13.794^{"line":"wangyadong,wyd,aaa","logType":1,"sendTime":"2018-08-18 19:00:00","source":3}
2018-10-19 17:32:13.795^{"line":"wangyadong,wyd,aaa","logType":1,"sendTime":"2018-08-18 19:00:00","source":3}
2018-10-19 17:32:13.797^{"line":"wangyadong,wyd,aaa","logType":1,"sendTime":"2018-08-18 19:00:00","source":3}
2018-10-19 17:32:13.799^{"line":"wangyadong,wyd,aaa","logType":1,"sendTime":"2018-08-18 19:00:00","source":3}
2018-10-19 17:32:13.800^{"line":"wangyadong,wyd,aaa","logType":1,"sendTime":"2018-08-18 19:00:00","source":3}
2018-10-19 17:32:13.802^{"line":"wangyadong,wyd,aaa","logType":1,"sendTime":"2018-08-18 19:00:00","source":3}
2018-10-19 17:32:13.806^{"line":"wangyadong,wyd,aaa","logType":1,"sendTime":"2018-08-18 19:00:00","source":3}
2018-10-19 17:32:13.807^{"line":"wangyadong,wyd,aaa","logType":1,"sendTime":"2018-08-18 19:00:00","source":3}
2018-10-19 17:32:13.808^{"line":"wangyadong,wyd,aaa","logType":1,"sendTime":"2018-08-18 19:00:00","source":3}
